// Vitest Snapshot v1, https://vitest.dev/guide/snapshot.html

exports[`the application > should not regress (snapshot test) 1`] = `"<!--[--><!-- <h1>Portal</h1> --><h1>Musician&#39;s World</h1><!--[--><h1> Musician Zone </h1><button> Concerts </button><h2> Your Concerts </h2><!-- <h3> --><!-- The current time is {{new Date().toLocaleDateString()}} --><!-- </h3> --><div><div><!--v-if--><!--[--><!--]--></div></div><h2> Wishlist </h2><div><div><!--v-if--><!--[--><!--]--></div></div><!--]--><!--]-->"`;
