// Vitest Snapshot v1, https://vitest.dev/guide/snapshot.html

exports[`the main page > should not change (Snapshot Test) 1`] = `
"<!--[--><div data-v-7a7a37b1><a href=\\"https://vitejs.dev\\" target=\\"_blank\\" data-v-7a7a37b1><img src=\\"/vite.svg\\" class=\\"logo\\" alt=\\"Vite logo\\" data-v-7a7a37b1></a><a href=\\"https://vuejs.org/\\" target=\\"_blank\\" data-v-7a7a37b1><img src=\\"/src/assets/vue.svg\\" class=\\"logo vue\\" alt=\\"Vue logo\\" data-v-7a7a37b1></a></div><div data-v-7a7a37b1>1</div><!--[--><!-- <h1>{{ msg }}</h1> --><h1 data-v-e17ea971> Musician Portal </h1><button data-v-e17ea971> Concerts </button><!-- <div class=\\"card\\">
    <button type=\\"button\\" @click=\\"count++\\">count is {{ count }}</button>
    <p>
      Edit
      <code>components/HelloWorld.vue</code> to test HMR
    </p>
  </div>

  <p>
    Check out
    <a href=\\"https://vuejs.org/guide/quick-start.html#local\\" target=\\"_blank\\"
      >create-vue</a
    >, the official Vue + Vite starter
  </p>
  <p>
    Install
    <a href=\\"https://github.com/vuejs/language-tools\\" target=\\"_blank\\">Volar</a>
    in your IDE for a better DX
  </p>
  <p class=\\"read-the-docs\\">Click on the Vite and Vue logos to learn more</p> --><!--]--><!--]-->"
`;
